TypeError: next is not a function
    at model.<anonymous> (file:///C:/Users/deepa/OneDrive/Desktop/PROJECT2/backend/models/User.js:36:5)
    at async Kareem.execPre (C:\Users\deepa\OneDrive\Desktop\PROJECT2\backend\node_modules\kareem\index.js:70:24)
    at async model.$__save (C:\Users\deepa\OneDrive\Desktop\PROJECT2\backend\node_modules\mongoose\lib\model.js:376:5)
    at async model.save (C:\Users\deepa\OneDrive\Desktop\PROJECT2\backend\node_modules\mongoose\lib\model.js:642:5)
    at async resetAdmin (file:///C:/Users/deepa/OneDrive/Desktop/PROJECT2/backend/resetAdmin.js:28:9)